../Core/Src/main.c:67:6:delay	16	static
../Core/Src/main.c:78:6:HAL_TIM_IC_CaptureCallback	16	static
../Core/Src/main.c:115:6:HCSR04_Read	8	static
../Core/Src/main.c:129:5:main	96	static
../Core/Src/main.c:223:6:SystemClock_Config	96	static
../Core/Src/main.c:285:13:MX_CAN1_Init	8	static
../Core/Src/main.c:322:13:MX_TIM2_Init	56	static
../Core/Src/main.c:380:13:MX_USART2_UART_Init	8	static
../Core/Src/main.c:415:13:MX_GPIO_Init	40	static
../Core/Src/main.c:472:6:HAL_CAN_RxFifo0MsgPendingCallback	16	static
../Core/Src/main.c:476:6:transmitDistance	64	static
../Core/Src/main.c:508:6:Error_Handler	4	static,ignoring_inline_asm
