../Core/Src/main.c:71:6:delay	2
../Core/Src/main.c:82:6:HAL_TIM_IC_CaptureCallback	6
../Core/Src/main.c:119:6:HCSR04_Read	1
../Core/Src/main.c:133:5:main	5
../Core/Src/main.c:238:6:SystemClock_Config	4
../Core/Src/main.c:300:13:MX_CAN1_Init	2
../Core/Src/main.c:337:13:MX_TIM2_Init	6
../Core/Src/main.c:395:13:MX_USART2_UART_Init	2
../Core/Src/main.c:430:13:MX_GPIO_Init	1
../Core/Src/main.c:495:6:HAL_CAN_RxFifo0MsgPendingCallback	1
../Core/Src/main.c:499:6:transmitDistance	2
../Core/Src/main.c:522:6:HAL_GPIO_EXTI_Callback	2
../Core/Src/main.c:533:6:sendBrandAlarm	1
../Core/Src/main.c:550:6:Error_Handler	1
