../Core/Src/main.c:67:6:delay	2
../Core/Src/main.c:78:6:HAL_TIM_IC_CaptureCallback	6
../Core/Src/main.c:115:6:HCSR04_Read	1
../Core/Src/main.c:129:5:main	4
../Core/Src/main.c:223:6:SystemClock_Config	4
../Core/Src/main.c:285:13:MX_CAN1_Init	2
../Core/Src/main.c:322:13:MX_TIM2_Init	6
../Core/Src/main.c:380:13:MX_USART2_UART_Init	2
../Core/Src/main.c:415:13:MX_GPIO_Init	1
../Core/Src/main.c:472:6:HAL_CAN_RxFifo0MsgPendingCallback	1
../Core/Src/main.c:476:6:transmitDistance	2
../Core/Src/main.c:508:6:Error_Handler	1
