../Core/Src/main.c:95:5:main	8
../Core/Src/main.c:269:6:SystemClock_Config	4
../Core/Src/main.c:330:13:MX_CAN1_Init	2
../Core/Src/main.c:367:13:MX_I2C1_Init	4
../Core/Src/main.c:415:13:MX_USART2_UART_Init	2
../Core/Src/main.c:450:13:MX_GPIO_Init	1
../Core/Src/main.c:490:6:setLedBar	5
../Core/Src/main.c:511:6:volgendeVentilatieStand	2
../Core/Src/main.c:521:6:toggleVerwarming	1
../Core/Src/main.c:526:6:verhoogTemperatuur	2
../Core/Src/main.c:534:6:verlaagTemperatuur	2
../Core/Src/main.c:542:6:updateVentilatieLeds	1
../Core/Src/main.c:549:6:updateVerwarmingLeds	1
../Core/Src/main.c:557:6:printStatus	2
../Core/Src/main.c:574:6:HAL_CAN_RxFifo0MsgPendingCallback	3
../Core/Src/main.c:605:6:Error_Handler	1
