../Core/Src/main.c:93:5:main	4
../Core/Src/main.c:206:6:SystemClock_Config	4
../Core/Src/main.c:267:13:MX_CAN1_Init	2
../Core/Src/main.c:304:13:MX_I2C1_Init	4
../Core/Src/main.c:352:13:MX_USART2_UART_Init	2
../Core/Src/main.c:387:13:MX_GPIO_Init	1
../Core/Src/main.c:427:6:setLedBar	5
../Core/Src/main.c:447:6:sendFallDetected	1
../Core/Src/main.c:458:6:readAccelerometer	1
../Core/Src/main.c:467:6:detectFall	2
../Core/Src/main.c:481:6:HAL_CAN_RxFifo0MsgPendingCallback	1
../Core/Src/main.c:493:6:Error_Handler	1
