../Core/Src/main.c:84:5:main	72	static
../Core/Src/main.c:187:6:SystemClock_Config	96	static
../Core/Src/main.c:248:13:MX_CAN1_Init	8	static
../Core/Src/main.c:285:13:MX_I2C1_Init	8	static
../Core/Src/main.c:333:13:MX_USART2_UART_Init	8	static
../Core/Src/main.c:368:13:MX_GPIO_Init	40	static
../Core/Src/main.c:408:6:sendFallAlarm	40	static
../Core/Src/main.c:424:6:readGYRO	56	static
../Core/Src/main.c:446:6:setLedBar	40	static
../Core/Src/main.c:467:6:HAL_CAN_RxFifo0MsgPendingCallback	16	static
../Core/Src/main.c:479:6:Error_Handler	4	static,ignoring_inline_asm
